04:49:38 **** Incremental Build of configuration Debug for project MOTOR ****
make -j12 all 
arm-none-eabi-gcc "../Src/main.c" -mcpu=cortex-m4 -std=gnu11 -g3 -DDEBUG -DSTM32F411VETx -DSTM32 -DSTM32F4 -DSTM32F411E_DISCO -DSTM32F411xE -c -I../Inc -I"C:/Users/prave/Documents/STM 32 Header Files/Include" -I"C:/Users/prave/Documents/STM 32 Header Files/STM32F4xx/Include" -O0 -ffunction-sections -fdata-sections -Wall -fstack-usage -fcyclomatic-complexity -MMD -MP -MF"Src/main.d" -MT"Src/main.o" --specs=nano.specs -mfpu=fpv4-sp-d16 -mfloat-abi=hard -mthumb -o "Src/main.o"
arm-none-eabi-gcc -o "MOTOR.elf" @"objects.list"   -mcpu=cortex-m4 -T"C:\Users\prave\Documents\GitHub\Embedded-C-\DISCOVERY BOARD\STM32F411xCxE\Code\MOTOR\STM32F411VETX_FLASH.ld" --specs=nosys.specs -Wl,-Map="MOTOR.map" -Wl,--gc-sections -static --specs=nano.specs -mfpu=fpv4-sp-d16 -mfloat-abi=hard -mthumb -Wl,--start-group -lc -lm -Wl,--end-group
Finished building target: MOTOR.elf
 
arm-none-eabi-size  MOTOR.elf 
arm-none-eabi-objdump -h -S MOTOR.elf  > "MOTOR.list"
   text	   data	    bss	    dec	    hex	filename
    900	      0	   1568	   2468	    9a4	MOTOR.elf
Finished building: default.size.stdout
 
Finished building: MOTOR.list
 

04:49:38 Build Finished. 0 errors, 0 warnings. (took 521ms)

